<?xml version="1.0" encoding="utf-8"?><testsuites name="pytest tests"><testsuite name="pytest" errors="0" failures="1" skipped="0" tests="120" time="1.261" timestamp="2026-04-05T11:09:32.946919+00:00" hostname="bmax-b9"><testcase classname="tests.unit.test_api_groups.TestGroupAPI" name="test_create_group" time="0.021" /><testcase classname="tests.unit.test_api_groups.TestGroupAPI" name="test_get_group" time="0.012" /><testcase classname="tests.unit.test_api_groups.TestGroupAPI" name="test_add_member" time="0.013" /><testcase classname="tests.unit.test_api_groups.TestGroupAPI" name="test_remove_member" time="0.013" /><testcase classname="tests.unit.test_api_issues.TestIssueAPI" name="test_create_issue" time="0.008" /><testcase classname="tests.unit.test_api_issues.TestIssueAPI" name="test_list_issues" time="0.014" /><testcase classname="tests.unit.test_api_issues.TestIssueAPI" name="test_get_issue" time="0.012" /><testcase classname="tests.unit.test_api_issues.TestIssueAPI" name="test_add_comment" time="0.011" /><testcase classname="tests.unit.test_api_issues.TestIssueAPI" name="test_vote_on_issue" time="0.011" /><testcase classname="tests.unit.test_api_moderation.TestModerationAPI" name="test_flag_content" time="0.007" /><testcase classname="tests.unit.test_api_moderation.TestModerationAPI" name="test_get_moderation_log" time="0.006" /><testcase classname="tests.unit.test_api_moderation.TestModerationAPI" name="test_apply_sanction" time="0.007" /><testcase classname="tests.unit.test_api_reports.TestReportAPI" name="test_create_report" time="0.007" /><testcase classname="tests.unit.test_api_reports.TestReportAPI" name="test_list_reports" time="0.012" /><testcase classname="tests.unit.test_api_reports.TestReportAPI" name="test_get_report" time="0.010" /><testcase classname="tests.unit.test_api_reports.TestReportAPI" name="test_update_report" time="0.010" /><testcase classname="tests.unit.test_api_reports.TestReportAPI" name="test_delete_report" time="0.011" /><testcase classname="tests.unit.test_api_reports.TestReportAPI" name="test_add_section" time="0.012" /><testcase classname="tests.unit.test_api_reports.TestReportAPI" name="test_section_persists_on_reload" time="0.015" /><testcase classname="tests.unit.test_api_reports.TestReportAPI" name="test_update_section" time="0.015" /><testcase classname="tests.unit.test_api_reports.TestReportAPI" name="test_delete_section" time="0.013" /><testcase classname="tests.unit.test_api_reports.TestReportAPI" name="test_get_nonexistent_report_denied" time="0.006" /><testcase classname="tests.unit.test_api_sharing.TestSharingAPI" name="test_get_access_list" time="0.009" /><testcase classname="tests.unit.test_api_sharing.TestSharingAPI" name="test_grant_access" time="0.011" /><testcase classname="tests.unit.test_api_sharing.TestSharingAPI" name="test_viewer_can_read_shared_report" time="0.014"><failure message="assert 403 == 200&#10; +  where 403 = &lt;Response [403 Forbidden]&gt;.status_code">self = &lt;tests.unit.test_api_sharing.TestSharingAPI object at 0x7f9163052a50&gt;
client = &lt;starlette.testclient.TestClient object at 0x7f9162ffe3f0&gt;
services = {'group_repo': &lt;src.infra.memory.mem_group_repo.InMemoryGroupRepository object at 0x7f9162fb9eb0&gt;, 'issue_repo': &lt;src....e2dfd0&gt;, 'mod_repo': &lt;src.infra.memory.mem_moderation_repo.InMemoryModerationRepository object at 0x7f9161e2e570&gt;, ...}

    def test_viewer_can_read_shared_report(self, client, services):
        """After granting access, viewer can read the report."""
        asyncio.get_event_loop().run_until_complete(self._setup(services))
        ho = make_headers("owner-1")
        r = client.post("/reports", json={"title": "Shared"}, headers=ho).json()
        client.post(
            f"/reports/{r['id']}/access",
            json={"user_id": "viewer-1", "level": "viewer"},
            headers=ho,
        )
        hv = make_headers("viewer-1")
        resp = client.get(f"/reports/{r['id']}", headers=hv)
&gt;       assert resp.status_code == 200
E       assert 403 == 200
E        +  where 403 = &lt;Response [403 Forbidden]&gt;.status_code

tests/unit/test_api_sharing.py:49: AssertionError</failure></testcase><testcase classname="tests.unit.test_api_sharing.TestSharingAPI" name="test_revoke_access" time="0.017" /><testcase classname="tests.unit.test_api_users.TestUserAPI" name="test_get_current_user" time="0.006" /><testcase classname="tests.unit.test_api_users.TestUserAPI" name="test_get_user_by_id" time="0.009" /><testcase classname="tests.unit.test_api_users.TestHealth" name="test_health" time="0.004" /><testcase classname="tests.unit.test_auth.TestGoogleAuth" name="test_new_user_created" time="0.007" /><testcase classname="tests.unit.test_auth.TestGoogleAuth" name="test_existing_user_updated" time="0.007" /><testcase classname="tests.unit.test_auth.TestGoogleAuth" name="test_banned_user_rejected" time="0.007" /><testcase classname="tests.unit.test_auth.TestGoogleAuth" name="test_missing_credential" time="0.006" /><testcase classname="tests.unit.test_auth.TestGoogleAuth" name="test_invalid_token_returns_401" time="0.006" /><testcase classname="tests.unit.test_auth.TestGoogleAuth" name="test_jwt_is_valid" time="0.010" /><testcase classname="tests.unit.test_issues.TestIssues" name="test_create_sets_open" time="0.003" /><testcase classname="tests.unit.test_issues.TestIssues" name="test_add_comment" time="0.002" /><testcase classname="tests.unit.test_issues.TestIssues" name="test_vote_updates_count" time="0.002" /><testcase classname="tests.unit.test_issues.TestIssues" name="test_double_vote_idempotent" time="0.002" /><testcase classname="tests.unit.test_issues.TestIssues" name="test_resolve_requires_moderator" time="0.001" /><testcase classname="tests.unit.test_issues.TestIssues" name="test_moderator_can_resolve" time="0.001" /><testcase classname="tests.unit.test_issues.TestIssues" name="test_list_for_entity" time="0.001" /><testcase classname="tests.unit.test_issues.TestIssues" name="test_closed_issue_no_comments" time="0.002" /><testcase classname="tests.unit.test_moderation.TestModeration" name="test_three_flags_auto_hide" time="0.002" /><testcase classname="tests.unit.test_moderation.TestModeration" name="test_duplicate_flag_rejected" time="0.001" /><testcase classname="tests.unit.test_moderation.TestModeration" name="test_only_moderators_sanction" time="0.001" /><testcase classname="tests.unit.test_moderation.TestModeration" name="test_only_admins_ban" time="0.001" /><testcase classname="tests.unit.test_moderation.TestModeration" name="test_admin_can_ban" time="0.001" /><testcase classname="tests.unit.test_moderation.TestModeration" name="test_warning_no_duration" time="0.001" /><testcase classname="tests.unit.test_moderation.TestModeration" name="test_mute_blocks_user" time="0.001" /><testcase classname="tests.unit.test_moderation.TestModeration" name="test_expired_suspension_allows" time="0.001" /><testcase classname="tests.unit.test_moderation.TestModeration" name="test_moderation_log" time="0.001" /><testcase classname="tests.unit.test_moderation.TestModeration" name="test_lift_sanction" time="0.001" /><testcase classname="tests.unit.test_moderation.TestModeration" name="test_trust_level_progression" time="0.001" /><testcase classname="tests.unit.test_permissions.TestPermissions" name="test_admin_can_access_any_report" time="0.001" /><testcase classname="tests.unit.test_permissions.TestPermissions" name="test_owner_has_all_permissions" time="0.001" /><testcase classname="tests.unit.test_permissions.TestPermissions" name="test_editor_can_edit_not_change_visibility" time="0.001" /><testcase classname="tests.unit.test_permissions.TestPermissions" name="test_viewer_cannot_edit" time="0.001" /><testcase classname="tests.unit.test_permissions.TestPermissions" name="test_group_access_grants_to_members" time="0.001" /><testcase classname="tests.unit.test_permissions.TestPermissions" name="test_direct_access_overrides_group" time="0.001" /><testcase classname="tests.unit.test_permissions.TestPermissions" name="test_suspended_user_denied" time="0.002" /><testcase classname="tests.unit.test_permissions.TestPermissions" name="test_public_report_readable" time="0.001" /><testcase classname="tests.unit.test_permissions.TestPermissions" name="test_private_report_invisible" time="0.001" /><testcase classname="tests.unit.test_permissions.TestPermissions" name="test_cannot_remove_last_owner" time="0.001" /><testcase classname="tests.unit.test_reports.TestReports" name="test_create_makes_owner" time="0.001" /><testcase classname="tests.unit.test_reports.TestReports" name="test_add_section_increments_order" time="0.001" /><testcase classname="tests.unit.test_reports.TestReports" name="test_edit_saves_version" time="0.002" /><testcase classname="tests.unit.test_reports.TestReports" name="test_delete_section_keeps_others" time="0.002" /><testcase classname="tests.unit.test_reports.TestReports" name="test_lock_prevents_concurrent_edit" time="0.001" /><testcase classname="tests.unit.test_reports.TestReports" name="test_lock_expires" time="0.012" /><testcase classname="tests.unit.test_reports.TestReports" name="test_lock_holder_can_save" time="0.002" /><testcase classname="tests.unit.test_reports.TestReports" name="test_version_history_order" time="0.002" /><testcase classname="tests.unit.test_reports.TestReports" name="test_list_includes_owned" time="0.001" /><testcase classname="tests.unit.test_reports.TestReports" name="test_delete_cascades" time="0.001" /><testcase classname="tests.unit.test_routers.TestReportListPublic" name="test_list_public_empty" time="0.008" /><testcase classname="tests.unit.test_routers.TestReportListPublic" name="test_list_public_with_public_report" time="0.014" /><testcase classname="tests.unit.test_routers.TestReportUpdate" name="test_update_abstract_only" time="0.013" /><testcase classname="tests.unit.test_routers.TestReportUpdate" name="test_update_nonexistent_report_denied" time="0.022" /><testcase classname="tests.unit.test_routers.TestSectionLocking" name="test_acquire_and_release_lock" time="0.015" /><testcase classname="tests.unit.test_routers.TestSectionVersions" name="test_list_versions" time="0.018" /><testcase classname="tests.unit.test_routers.TestSharingAccess" name="test_list_access_empty" time="0.009" /><testcase classname="tests.unit.test_routers.TestSharingAccess" name="test_grant_user_access" time="0.013" /><testcase classname="tests.unit.test_routers.TestSharingAccess" name="test_grant_group_access" time="0.013" /><testcase classname="tests.unit.test_routers.TestSharingAccess" name="test_revoke_access" time="0.014" /><testcase classname="tests.unit.test_routers.TestSharingAccess" name="test_non_owner_cannot_list_access" time="0.010" /><testcase classname="tests.unit.test_routers.TestIssuesList" name="test_list_open_issues" time="0.009" /><testcase classname="tests.unit.test_routers.TestIssuesList" name="test_list_issues_by_entity" time="0.010" /><testcase classname="tests.unit.test_routers.TestIssuesList" name="test_list_issues_empty_entity" time="0.006" /><testcase classname="tests.unit.test_routers.TestIssueGet" name="test_get_issue" time="0.009" /><testcase classname="tests.unit.test_routers.TestIssueGet" name="test_get_nonexistent_issue" time="0.007" /><testcase classname="tests.unit.test_routers.TestIssueComments" name="test_add_comment" time="0.010" /><testcase classname="tests.unit.test_routers.TestIssueVoting" name="test_upvote" time="0.009" /><testcase classname="tests.unit.test_routers.TestIssueVoting" name="test_vote_nonexistent_issue" time="0.006" /><testcase classname="tests.unit.test_routers.TestGroupCRUD" name="test_create_group" time="0.007" /><testcase classname="tests.unit.test_routers.TestGroupCRUD" name="test_get_group" time="0.009" /><testcase classname="tests.unit.test_routers.TestGroupCRUD" name="test_get_nonexistent_group" time="0.006" /><testcase classname="tests.unit.test_routers.TestGroupCRUD" name="test_add_member" time="0.015" /><testcase classname="tests.unit.test_routers.TestGroupCRUD" name="test_remove_member" time="0.013" /><testcase classname="tests.unit.test_routers.TestGroupCRUD" name="test_add_member_to_nonexistent_group" time="0.006" /><testcase classname="tests.unit.test_routers.TestGetOtherUser" name="test_get_other_user" time="0.006" /><testcase classname="tests.unit.test_routers.TestGetOtherUser" name="test_get_nonexistent_user" time="0.005" /><testcase classname="tests.unit.test_routers.TestModerationQueue" name="test_queue_as_moderator" time="0.007" /><testcase classname="tests.unit.test_routers.TestModerationQueue" name="test_queue_denied_for_regular_user" time="0.009" /><testcase classname="tests.unit.test_routers.TestModerationSanctions" name="test_create_warning_as_moderator" time="0.010" /><testcase classname="tests.unit.test_routers.TestModerationSanctions" name="test_create_ban_requires_admin" time="0.009" /><testcase classname="tests.unit.test_routers.TestModerationSanctions" name="test_create_ban_as_admin" time="0.008" /><testcase classname="tests.unit.test_routers.TestModerationSanctions" name="test_sanction_denied_for_regular_user" time="0.007" /><testcase classname="tests.unit.test_routers.TestModerationLog" name="test_log_as_moderator" time="0.007" /><testcase classname="tests.unit.test_security.TestAuthSecurity" name="test_no_token_returns_401" time="0.004" /><testcase classname="tests.unit.test_security.TestAuthSecurity" name="test_expired_token_returns_401" time="0.006" /><testcase classname="tests.unit.test_security.TestAuthSecurity" name="test_wrong_secret_returns_401" time="0.006" /><testcase classname="tests.unit.test_security.TestAuthSecurity" name="test_tampered_signature_returns_401" time="0.004" /><testcase classname="tests.unit.test_security.TestAuthSecurity" name="test_banned_user_gets_401" time="0.005" /><testcase classname="tests.unit.test_security.TestAuthzSecurity" name="test_reader_cannot_create_report" time="0.007" /><testcase classname="tests.unit.test_security.TestAuthzSecurity" name="test_viewer_cannot_edit" time="0.007" /><testcase classname="tests.unit.test_security.TestAuthzSecurity" name="test_editor_cannot_change_visibility" time="0.008" /><testcase classname="tests.unit.test_security.TestAuthzSecurity" name="test_editor_cannot_delete" time="0.008" /><testcase classname="tests.unit.test_security.TestAuthzSecurity" name="test_idor_private_report" time="0.007" /><testcase classname="tests.unit.test_security.TestDataSecurity" name="test_xss_in_title" time="0.008" /><testcase classname="tests.unit.test_security.TestDataSecurity" name="test_lock_ownership_validated" time="0.015" /></testsuite></testsuites>